02/21/2016 10:55:33 AM csv file imported
02/21/2016 10:55:33 AM Running test with the following data curr:dollar, amount:1000000, IR:2, months:12, total_pay: 1,010,866.4
02/21/2016 10:55:35 AM Test case FAILED, assertion unsuccessful, comparing: 1,010,866.41 with 1,010,866.4
02/21/2016 10:58:19 AM CSV file imported
02/21/2016 10:58:19 AM Running test with the following data curr:dollar, amount:1000000, IR:2, months:12, total_pay:1,010,866.41
02/21/2016 10:58:21 AM Test case PASSED, assertion successful
02/21/2016 10:58:21 AM Fields cleaned up
02/21/2016 10:58:26 AM Running test with the following data curr:euro, amount:50000, IR:3, months:36, total_pay:52,346.18
02/21/2016 10:58:27 AM Test case PASSED, assertion successful
02/21/2016 10:58:28 AM Fields cleaned up
02/21/2016 10:58:33 AM Running test with the following data curr:pound, amount:1250000, IR:10, months:60, total_pay:1,593,528.35
02/21/2016 10:58:34 AM Test case PASSED, assertion successful
02/21/2016 10:58:34 AM Fields cleaned up
02/21/2016 10:58:39 AM Running test with the following data curr:dollar, amount:1000000, IR:2, months:12, total_pay:1,010,866.41
02/21/2016 10:58:40 AM Test case PASSED, assertion successful
02/21/2016 10:58:40 AM Fields cleaned up
02/21/2016 10:58:45 AM Running test with the following data curr:euro, amount:50000, IR:3, months:36, total_pay:52,346.18
02/21/2016 11:00:19 AM CSV file imported
02/21/2016 11:00:19 AM Running test with the following data curr:dollar, amount:1000000, IR:2, months:12, total_pay:1,010,866.41
02/21/2016 11:00:21 AM Test case PASSED, assertion successful
02/21/2016 11:00:21 AM Fields cleaned up
02/21/2016 11:00:26 AM Running test with the following data curr:euro, amount:50000, IR:3, months:36, total_pay:52,346.18
02/21/2016 11:00:29 AM Test case PASSED, assertion successful
02/21/2016 11:00:29 AM Fields cleaned up
02/21/2016 11:00:34 AM Running test with the following data curr:pound, amount:1250000, IR:10, months:60, total_pay:1,593,528.35
02/21/2016 11:00:36 AM Test case PASSED, assertion successful
02/21/2016 11:00:36 AM Fields cleaned up
02/21/2016 11:00:41 AM Running test with the following data curr:dollar, amount:1000000, IR:2, months:12, total_pay:1,010,866.41
02/21/2016 11:00:44 AM Test case PASSED, assertion successful
02/21/2016 11:00:44 AM Fields cleaned up
02/21/2016 11:00:49 AM Running test with the following data curr:euro, amount:50000, IR:3, months:36, total_pay:52,346.18
02/21/2016 11:00:51 AM Test case PASSED, assertion successful
02/21/2016 11:00:51 AM Fields cleaned up
02/21/2016 11:00:56 AM Running test with the following data curr:pound, amount:1250000, IR:10, months:60, total_pay:1,593,528.35
02/21/2016 11:00:58 AM Test case PASSED, assertion successful
02/21/2016 11:00:58 AM Fields cleaned up
02/21/2016 11:01:03 AM Running test with the following data curr:dollar, amount:1000000, IR:2, months:12, total_pay:1,010,866.41
02/21/2016 11:01:06 AM Test case PASSED, assertion successful
02/21/2016 11:01:06 AM Fields cleaned up
02/21/2016 11:01:41 AM CSV file imported
02/21/2016 11:01:41 AM Running test with the following data curr:dollar, amount:1000000, IR:2, months:12, total_pay:1,010,866.41
02/21/2016 11:01:43 AM Test case PASSED, assertion successful
02/21/2016 11:01:43 AM Fields cleaned up
02/21/2016 11:01:48 AM Running test with the following data curr:euro, amount:50000, IR:3, months:36, total_pay:52,346.18
02/21/2016 11:01:51 AM Test case PASSED, assertion successful
02/21/2016 11:01:51 AM Fields cleaned up
02/21/2016 11:01:56 AM Running test with the following data curr:pound, amount:1250000, IR:10, months:60, total_pay:1,593,528.35
02/21/2016 11:01:58 AM Test case PASSED, assertion successful
02/21/2016 11:01:58 AM Fields cleaned up
02/21/2016 11:02:03 AM Running test with the following data curr:dollar, amount:1000000, IR:2, months:12, total_pay:1,010,866.41
02/21/2016 11:02:05 AM Test case PASSED, assertion successful
02/21/2016 11:02:05 AM Fields cleaned up
02/21/2016 11:02:10 AM Running test with the following data curr:euro, amount:50000, IR:3, months:36, total_pay:52,346.18
02/21/2016 11:02:12 AM Test case PASSED, assertion successful
02/21/2016 11:02:13 AM Fields cleaned up
02/21/2016 11:02:18 AM Running test with the following data curr:pound, amount:1250000, IR:10, months:60, total_pay:1,593,528.35
02/21/2016 11:02:20 AM Test case PASSED, assertion successful
02/21/2016 11:02:20 AM Fields cleaned up
02/21/2016 11:02:25 AM Running test with the following data curr:dollar, amount:1000000, IR:2, months:12, total_pay:1,010,866.41
02/21/2016 11:02:27 AM Test case PASSED, assertion successful
02/21/2016 11:02:27 AM Fields cleaned up
02/21/2016 11:03:28 AM CSV file imported
02/21/2016 11:03:28 AM Running test with the following data curr:dollar, amount:1000000, IR:2, months:12, total_pay:1,010,866.41
02/21/2016 11:03:30 AM Test case PASSED, assertion successful
02/21/2016 11:03:30 AM Fields cleaned up
02/21/2016 11:03:35 AM Running test with the following data curr:euro, amount:50000, IR:3, months:36, total_pay:52,346.18
02/21/2016 11:03:37 AM Test case PASSED, assertion successful
02/21/2016 11:03:37 AM Fields cleaned up
02/21/2016 11:03:42 AM Running test with the following data curr:pound, amount:1250000, IR:10, months:60, total_pay:1,593,528.35
02/21/2016 11:03:45 AM Test case PASSED, assertion successful
02/21/2016 11:03:45 AM Fields cleaned up
02/21/2016 11:03:50 AM Running test with the following data curr:dollar, amount:1000000, IR:2, months:12, total_pay:1,010,866.41
02/21/2016 11:03:52 AM Test case PASSED, assertion successful
02/21/2016 11:03:52 AM Fields cleaned up
02/21/2016 11:03:57 AM Running test with the following data curr:euro, amount:50000, IR:3, months:36, total_pay:52,346.18
02/21/2016 11:03:59 AM Test case PASSED, assertion successful
02/21/2016 11:03:59 AM Fields cleaned up
02/21/2016 11:04:04 AM Running test with the following data curr:pound, amount:1250000, IR:10, months:60, total_pay:1,593,528.35
02/21/2016 11:04:07 AM Test case PASSED, assertion successful
02/21/2016 11:04:07 AM Fields cleaned up
02/21/2016 11:04:12 AM Running test with the following data curr:dollar, amount:1000000, IR:2, months:12, total_pay:1,010,866.41
02/21/2016 11:04:14 AM Test case PASSED, assertion successful
02/21/2016 11:04:14 AM Fields cleaned up
02/21/2016 11:04:19 AM Running test with the following data curr:dollar, amount:1000000, IR:2, months:12, total_pay:1,010,866.41
02/21/2016 11:04:21 AM Test case PASSED, assertion successful
02/21/2016 11:04:21 AM Fields cleaned up
02/21/2016 11:04:26 AM Running test with the following data curr:euro, amount:50000, IR:3, months:36, total_pay:52,346.18
02/21/2016 11:04:29 AM Test case PASSED, assertion successful
02/21/2016 11:04:29 AM Fields cleaned up
02/21/2016 11:04:34 AM Running test with the following data curr:pound, amount:1250000, IR:10, months:60, total_pay:1,593,528.35
02/21/2016 11:04:36 AM Test case PASSED, assertion successful
02/21/2016 11:04:36 AM Fields cleaned up
02/21/2016 11:04:41 AM Running test with the following data curr:dollar, amount:1000000, IR:2, months:12, total_pay:1,010,866.41
02/21/2016 11:04:43 AM Test case PASSED, assertion successful
02/21/2016 11:04:43 AM Fields cleaned up
02/21/2016 11:04:48 AM Running test with the following data curr:euro, amount:50000, IR:3, months:36, total_pay:52,346.18
02/21/2016 11:04:50 AM Test case PASSED, assertion successful
02/21/2016 11:04:50 AM Fields cleaned up
02/21/2016 11:04:55 AM Running test with the following data curr:pound, amount:1250000, IR:10, months:60, total_pay:1,593,528.35
02/21/2016 11:04:58 AM Test case PASSED, assertion successful
02/21/2016 11:04:58 AM Fields cleaned up
02/21/2016 11:05:03 AM Running test with the following data curr:dollar, amount:1000000, IR:2, months:12, total_pay:1,010,866.41
02/21/2016 11:05:05 AM Test case PASSED, assertion successful
02/21/2016 11:05:05 AM Fields cleaned up
02/21/2016 11:05:10 AM Running test with the following data curr:dollar, amount:1000000, IR:2, months:12, total_pay:1,010,866.41
02/21/2016 11:05:12 AM Test case PASSED, assertion successful
02/21/2016 11:05:12 AM Fields cleaned up
02/21/2016 11:05:17 AM Running test with the following data curr:euro, amount:50000, IR:3, months:36, total_pay:52,346.18
02/21/2016 11:05:19 AM Test case PASSED, assertion successful
02/21/2016 11:05:19 AM Fields cleaned up
02/21/2016 11:05:24 AM Running test with the following data curr:pound, amount:1250000, IR:10, months:60, total_pay:1,593,528.35
02/21/2016 11:05:27 AM Test case PASSED, assertion successful
02/21/2016 11:05:27 AM Fields cleaned up
02/21/2016 11:05:32 AM Running test with the following data curr:dollar, amount:1000000, IR:2, months:12, total_pay:1,010,866.41
02/21/2016 11:05:34 AM Test case PASSED, assertion successful
02/21/2016 11:05:34 AM Fields cleaned up
02/21/2016 11:05:39 AM Running test with the following data curr:euro, amount:50000, IR:3, months:36, total_pay:52,346.18
02/21/2016 11:05:41 AM Test case PASSED, assertion successful
02/21/2016 11:05:41 AM Fields cleaned up
02/21/2016 11:05:46 AM Running test with the following data curr:pound, amount:1250000, IR:10, months:60, total_pay:1,593,528.35
02/21/2016 11:05:48 AM Test case PASSED, assertion successful
02/21/2016 11:05:49 AM Fields cleaned up
02/21/2016 11:05:54 AM Running test with the following data curr:dollar, amount:1000000, IR:2, months:12, total_pay:1,010,866.41
02/21/2016 11:05:56 AM Test case PASSED, assertion successful
02/21/2016 11:05:56 AM Fields cleaned up
02/21/2016 11:06:01 AM Running test with the following data curr:dollar, amount:1000000, IR:2, months:12, total_pay:1,010,866.41
02/21/2016 11:06:03 AM Test case PASSED, assertion successful
02/21/2016 11:06:03 AM Fields cleaned up
02/21/2016 11:06:08 AM Running test with the following data curr:euro, amount:50000, IR:3, months:36, total_pay:52,346.18
02/21/2016 11:06:10 AM Test case PASSED, assertion successful
02/21/2016 11:06:10 AM Fields cleaned up
02/21/2016 11:06:15 AM Running test with the following data curr:pound, amount:1250000, IR:10, months:60, total_pay:1,593,528.35
02/21/2016 11:06:18 AM Test case PASSED, assertion successful
02/21/2016 11:06:18 AM Fields cleaned up
02/21/2016 11:06:23 AM Running test with the following data curr:dollar, amount:1000000, IR:2, months:12, total_pay:1,010,866.41
02/21/2016 11:06:25 AM Test case PASSED, assertion successful
02/21/2016 11:06:25 AM Fields cleaned up
02/21/2016 11:06:30 AM Running test with the following data curr:euro, amount:50000, IR:3, months:36, total_pay:52,346.18
02/21/2016 11:06:32 AM Test case PASSED, assertion successful
02/21/2016 11:06:32 AM Fields cleaned up
02/21/2016 11:06:37 AM Running test with the following data curr:pound, amount:1250000, IR:10, months:60, total_pay:1,593,528.35
02/21/2016 11:06:39 AM Test case PASSED, assertion successful
02/21/2016 11:06:39 AM Fields cleaned up
02/21/2016 11:06:44 AM Running test with the following data curr:dollar, amount:1000000, IR:2, months:12, total_pay:1,010,866.41
02/21/2016 11:06:47 AM Test case PASSED, assertion successful
02/21/2016 11:06:47 AM Fields cleaned up
02/21/2016 11:06:52 AM Running test with the following data curr:dollar, amount:1000000, IR:2, months:12, total_pay:1,010,866.41
02/21/2016 11:06:54 AM Test case PASSED, assertion successful
02/21/2016 11:06:54 AM Fields cleaned up
02/21/2016 11:06:59 AM Running test with the following data curr:euro, amount:50000, IR:3, months:36, total_pay:52,346.18
02/21/2016 11:07:01 AM Test case PASSED, assertion successful
02/21/2016 11:07:01 AM Fields cleaned up
02/21/2016 11:07:06 AM Running test with the following data curr:pound, amount:1250000, IR:10, months:60, total_pay:1,593,528.35
02/21/2016 11:07:09 AM Test case PASSED, assertion successful
02/21/2016 11:07:09 AM Fields cleaned up
02/21/2016 11:07:14 AM Running test with the following data curr:dollar, amount:1000000, IR:2, months:12, total_pay:1,010,866.41
02/21/2016 11:07:16 AM Test case PASSED, assertion successful
02/21/2016 11:07:16 AM Fields cleaned up
02/21/2016 11:07:21 AM Running test with the following data curr:euro, amount:50000, IR:3, months:36, total_pay:52,346.18
02/21/2016 11:07:23 AM Test case PASSED, assertion successful
02/21/2016 11:07:23 AM Fields cleaned up
02/21/2016 11:07:28 AM Running test with the following data curr:pound, amount:1250000, IR:10, months:60, total_pay:1,593,528.35
02/21/2016 11:07:30 AM Test case PASSED, assertion successful
02/21/2016 11:07:30 AM Fields cleaned up
02/21/2016 11:07:35 AM Running test with the following data curr:dollar, amount:1000000, IR:2, months:12, total_pay:1,010,866.41
02/21/2016 11:07:38 AM Test case PASSED, assertion successful
02/21/2016 11:07:38 AM Fields cleaned up
02/21/2016 11:07:43 AM Running test with the following data curr:dollar, amount:1000000, IR:2, months:12, total_pay:1,010,866.41
02/21/2016 11:07:45 AM Test case PASSED, assertion successful
02/21/2016 11:07:45 AM Fields cleaned up
02/21/2016 11:07:50 AM Running test with the following data curr:euro, amount:50000, IR:3, months:36, total_pay:52,346.18
02/21/2016 11:07:52 AM Test case PASSED, assertion successful
02/21/2016 11:07:52 AM Fields cleaned up
02/21/2016 11:07:57 AM Running test with the following data curr:pound, amount:1250000, IR:10, months:60, total_pay:1,593,528.35
02/21/2016 11:08:00 AM Test case PASSED, assertion successful
02/21/2016 11:08:00 AM Fields cleaned up
02/21/2016 11:08:05 AM Running test with the following data curr:dollar, amount:1000000, IR:2, months:12, total_pay:1,010,866.41
02/21/2016 11:08:07 AM Test case PASSED, assertion successful
02/21/2016 11:08:07 AM Fields cleaned up
02/21/2016 11:08:12 AM Running test with the following data curr:euro, amount:50000, IR:3, months:36, total_pay:52,346.18
02/21/2016 11:08:14 AM Test case PASSED, assertion successful
02/21/2016 11:08:14 AM Fields cleaned up
02/21/2016 11:08:19 AM Running test with the following data curr:pound, amount:1250000, IR:10, months:60, total_pay:1,593,528.35
02/21/2016 11:08:21 AM Test case PASSED, assertion successful
02/21/2016 11:08:21 AM Fields cleaned up
02/21/2016 11:08:26 AM Running test with the following data curr:dollar, amount:1000000, IR:2, months:12, total_pay:1,010,866.41
02/21/2016 11:08:29 AM Test case PASSED, assertion successful
02/21/2016 11:08:29 AM Fields cleaned up
02/21/2016 11:08:34 AM Running test with the following data curr:dollar, amount:1000000, IR:2, months:12, total_pay:1,010,866.41
02/21/2016 11:08:36 AM Test case PASSED, assertion successful
02/21/2016 11:08:36 AM Fields cleaned up
02/21/2016 11:08:41 AM Running test with the following data curr:euro, amount:50000, IR:3, months:36, total_pay:52,346.18
02/21/2016 11:08:43 AM Test case PASSED, assertion successful
02/21/2016 11:08:43 AM Fields cleaned up
02/21/2016 11:08:48 AM Running test with the following data curr:pound, amount:1250000, IR:10, months:60, total_pay:1,593,528.35
02/21/2016 11:08:50 AM Test case PASSED, assertion successful
02/21/2016 11:08:51 AM Fields cleaned up
02/21/2016 11:08:56 AM Running test with the following data curr:dollar, amount:1000000, IR:2, months:12, total_pay:1,010,866.41
02/21/2016 11:08:58 AM Test case PASSED, assertion successful
02/21/2016 11:08:58 AM Fields cleaned up
02/21/2016 11:09:03 AM Running test with the following data curr:euro, amount:50000, IR:3, months:36, total_pay:52,346.18
02/21/2016 11:09:05 AM Test case PASSED, assertion successful
02/21/2016 11:09:05 AM Fields cleaned up
02/21/2016 11:09:10 AM Running test with the following data curr:pound, amount:1250000, IR:10, months:60, total_pay:1,593,528.35
02/21/2016 11:09:12 AM Test case PASSED, assertion successful
02/21/2016 11:09:12 AM Fields cleaned up
02/21/2016 11:09:17 AM Running test with the following data curr:dollar, amount:1000000, IR:2, months:12, total_pay:1,010,866.41
02/21/2016 11:09:20 AM Test case PASSED, assertion successful
02/21/2016 11:09:20 AM Fields cleaned up
02/21/2016 11:23:37 AM CSV file imported
02/21/2016 11:23:37 AM Running test with the following data curr:dollar, amount:1000000, IR:2, months:12, total_pay:1,010,866.41
02/21/2016 11:23:40 AM Test case PASSED, assertion successful
02/21/2016 11:23:40 AM Fields cleaned up
02/21/2016 11:23:41 AM Running test with the following data curr:euro, amount:50000, IR:3, months:36, total_pay:52,346.18
02/21/2016 11:23:43 AM Test case PASSED, assertion successful
02/21/2016 11:23:43 AM Fields cleaned up
02/21/2016 11:23:44 AM Running test with the following data curr:pound, amount:1250000, IR:10, months:60, total_pay:1,593,528.35
02/21/2016 11:23:46 AM Test case PASSED, assertion successful
02/21/2016 11:23:47 AM Fields cleaned up
02/21/2016 11:23:48 AM Running test with the following data curr:dollar, amount:1000000, IR:2, months:12, total_pay:1,010,866.41
02/21/2016 11:23:50 AM Test case PASSED, assertion successful
02/21/2016 11:23:50 AM Fields cleaned up
02/21/2016 11:23:51 AM Running test with the following data curr:euro, amount:50000, IR:3, months:36, total_pay:52,346.18
02/21/2016 11:23:53 AM Test case PASSED, assertion successful
02/21/2016 11:23:53 AM Fields cleaned up
02/21/2016 11:23:54 AM Running test with the following data curr:pound, amount:1250000, IR:10, months:60, total_pay:1,593,528.35
02/21/2016 11:23:56 AM Test case PASSED, assertion successful
02/21/2016 11:23:57 AM Fields cleaned up
02/21/2016 11:23:58 AM Running test with the following data curr:dollar, amount:1000000, IR:2, months:12, total_pay:1,010,866.41
02/21/2016 11:24:00 AM Test case PASSED, assertion successful
02/21/2016 11:24:00 AM Fields cleaned up
02/21/2016 11:24:01 AM Running test with the following data curr:dollar, amount:1000000, IR:2, months:12, total_pay:1,010,866.41
02/21/2016 11:24:03 AM Test case PASSED, assertion successful
02/21/2016 11:24:03 AM Fields cleaned up
02/21/2016 11:24:04 AM Running test with the following data curr:euro, amount:50000, IR:3, months:36, total_pay:52,346.18
02/21/2016 11:24:06 AM Test case PASSED, assertion successful
02/21/2016 11:24:06 AM Fields cleaned up
02/21/2016 11:24:07 AM Running test with the following data curr:pound, amount:1250000, IR:10, months:60, total_pay:1,593,528.35
02/21/2016 11:24:10 AM Test case PASSED, assertion successful
02/21/2016 11:24:10 AM Fields cleaned up
02/21/2016 11:24:11 AM Running test with the following data curr:dollar, amount:1000000, IR:2, months:12, total_pay:1,010,866.41
02/21/2016 11:24:13 AM Test case PASSED, assertion successful
02/21/2016 11:24:13 AM Fields cleaned up
02/21/2016 11:24:14 AM Running test with the following data curr:euro, amount:50000, IR:3, months:36, total_pay:52,346.18
02/21/2016 11:24:16 AM Test case PASSED, assertion successful
02/21/2016 11:24:16 AM Fields cleaned up
02/21/2016 11:24:17 AM Running test with the following data curr:pound, amount:1250000, IR:10, months:60, total_pay:1,593,528.35
02/21/2016 11:24:20 AM Test case PASSED, assertion successful
02/21/2016 11:24:20 AM Fields cleaned up
02/21/2016 11:24:21 AM Running test with the following data curr:dollar, amount:1000000, IR:2, months:12, total_pay:1,010,866.41
02/21/2016 11:24:23 AM Test case PASSED, assertion successful
02/21/2016 11:24:23 AM Fields cleaned up
02/21/2016 11:24:24 AM Running test with the following data curr:dollar, amount:1000000, IR:2, months:12, total_pay:1,010,866.41
02/21/2016 11:24:26 AM Test case PASSED, assertion successful
02/21/2016 11:24:26 AM Fields cleaned up
02/21/2016 11:24:27 AM Running test with the following data curr:euro, amount:50000, IR:3, months:36, total_pay:52,346.18
02/21/2016 11:24:29 AM Test case PASSED, assertion successful
02/21/2016 11:24:29 AM Fields cleaned up
02/21/2016 11:24:30 AM Running test with the following data curr:pound, amount:1250000, IR:10, months:60, total_pay:1,593,528.35
02/21/2016 11:24:33 AM Test case PASSED, assertion successful
02/21/2016 11:24:33 AM Fields cleaned up
02/21/2016 11:24:34 AM Running test with the following data curr:dollar, amount:1000000, IR:2, months:12, total_pay:1,010,866.41
02/21/2016 11:24:36 AM Test case PASSED, assertion successful
02/21/2016 11:24:36 AM Fields cleaned up
02/21/2016 11:24:37 AM Running test with the following data curr:euro, amount:50000, IR:3, months:36, total_pay:52,346.18
02/21/2016 11:24:39 AM Test case PASSED, assertion successful
02/21/2016 11:24:39 AM Fields cleaned up
02/21/2016 11:24:40 AM Running test with the following data curr:pound, amount:1250000, IR:10, months:60, total_pay:1,593,528.35
02/21/2016 11:24:43 AM Test case PASSED, assertion successful
02/21/2016 11:24:43 AM Fields cleaned up
02/21/2016 11:24:44 AM Running test with the following data curr:dollar, amount:1000000, IR:2, months:12, total_pay:1,010,866.41
02/21/2016 11:24:46 AM Test case PASSED, assertion successful
02/21/2016 11:24:46 AM Fields cleaned up
02/21/2016 11:24:47 AM Running test with the following data curr:dollar, amount:1000000, IR:2, months:12, total_pay:1,010,866.41
02/21/2016 11:24:49 AM Test case PASSED, assertion successful
02/21/2016 11:24:49 AM Fields cleaned up
02/21/2016 11:24:50 AM Running test with the following data curr:euro, amount:50000, IR:3, months:36, total_pay:52,346.18
02/21/2016 11:24:52 AM Test case PASSED, assertion successful
02/21/2016 11:24:52 AM Fields cleaned up
02/21/2016 11:24:53 AM Running test with the following data curr:pound, amount:1250000, IR:10, months:60, total_pay:1,593,528.35
02/21/2016 11:24:56 AM Test case PASSED, assertion successful
02/21/2016 11:24:56 AM Fields cleaned up
02/21/2016 11:24:57 AM Running test with the following data curr:dollar, amount:1000000, IR:2, months:12, total_pay:1,010,866.41
02/21/2016 11:24:59 AM Test case PASSED, assertion successful
02/21/2016 11:24:59 AM Fields cleaned up
02/21/2016 11:25:00 AM Running test with the following data curr:euro, amount:50000, IR:3, months:36, total_pay:52,346.18
02/21/2016 11:25:03 AM Test case PASSED, assertion successful
02/21/2016 11:25:03 AM Fields cleaned up
02/21/2016 11:25:04 AM Running test with the following data curr:pound, amount:1250000, IR:10, months:60, total_pay:1,593,528.35
02/21/2016 11:25:06 AM Test case PASSED, assertion successful
02/21/2016 11:25:06 AM Fields cleaned up
02/21/2016 11:25:07 AM Running test with the following data curr:dollar, amount:1000000, IR:2, months:12, total_pay:1,010,866.41
02/21/2016 11:25:09 AM Test case PASSED, assertion successful
02/21/2016 11:25:09 AM Fields cleaned up
02/21/2016 11:25:10 AM Running test with the following data curr:dollar, amount:1000000, IR:2, months:12, total_pay:1,010,866.41
02/21/2016 11:25:12 AM Test case PASSED, assertion successful
02/21/2016 11:25:12 AM Fields cleaned up
02/21/2016 11:25:13 AM Running test with the following data curr:euro, amount:50000, IR:3, months:36, total_pay:52,346.18
02/21/2016 11:25:16 AM Test case PASSED, assertion successful
02/21/2016 11:25:16 AM Fields cleaned up
02/21/2016 11:25:17 AM Running test with the following data curr:pound, amount:1250000, IR:10, months:60, total_pay:1,593,528.35
02/21/2016 11:25:19 AM Test case PASSED, assertion successful
02/21/2016 11:25:19 AM Fields cleaned up
02/21/2016 11:25:20 AM Running test with the following data curr:dollar, amount:1000000, IR:2, months:12, total_pay:1,010,866.41
02/21/2016 11:25:22 AM Test case PASSED, assertion successful
02/21/2016 11:25:22 AM Fields cleaned up
02/21/2016 11:25:23 AM Running test with the following data curr:euro, amount:50000, IR:3, months:36, total_pay:52,346.18
02/21/2016 11:25:25 AM Test case PASSED, assertion successful
02/21/2016 11:25:26 AM Fields cleaned up
02/21/2016 11:25:27 AM Running test with the following data curr:pound, amount:1250000, IR:10, months:60, total_pay:1,593,528.35
02/21/2016 11:25:29 AM Test case PASSED, assertion successful
02/21/2016 11:25:29 AM Fields cleaned up
02/21/2016 11:25:30 AM Running test with the following data curr:dollar, amount:1000000, IR:2, months:12, total_pay:1,010,866.41
02/21/2016 11:25:32 AM Test case PASSED, assertion successful
02/21/2016 11:25:32 AM Fields cleaned up
02/21/2016 11:25:33 AM Running test with the following data curr:dollar, amount:1000000, IR:2, months:12, total_pay:1,010,866.41
02/21/2016 11:25:35 AM Test case PASSED, assertion successful
02/21/2016 11:25:35 AM Fields cleaned up
02/21/2016 11:25:36 AM Running test with the following data curr:euro, amount:50000, IR:3, months:36, total_pay:52,346.18
02/21/2016 11:25:39 AM Test case PASSED, assertion successful
02/21/2016 11:25:39 AM Fields cleaned up
02/21/2016 11:25:40 AM Running test with the following data curr:pound, amount:1250000, IR:10, months:60, total_pay:1,593,528.35
02/21/2016 11:25:42 AM Test case PASSED, assertion successful
02/21/2016 11:25:42 AM Fields cleaned up
02/21/2016 11:25:43 AM Running test with the following data curr:dollar, amount:1000000, IR:2, months:12, total_pay:1,010,866.41
02/21/2016 11:25:45 AM Test case PASSED, assertion successful
02/21/2016 11:25:45 AM Fields cleaned up
02/21/2016 11:25:46 AM Running test with the following data curr:euro, amount:50000, IR:3, months:36, total_pay:52,346.18
02/21/2016 11:25:48 AM Test case PASSED, assertion successful
02/21/2016 11:25:48 AM Fields cleaned up
02/21/2016 11:25:49 AM Running test with the following data curr:pound, amount:1250000, IR:10, months:60, total_pay:1,593,528.35
02/21/2016 11:25:52 AM Test case PASSED, assertion successful
02/21/2016 11:25:52 AM Fields cleaned up
02/21/2016 11:25:53 AM Running test with the following data curr:dollar, amount:1000000, IR:2, months:12, total_pay:1,010,866.41
02/21/2016 11:25:55 AM Test case PASSED, assertion successful
02/21/2016 11:25:55 AM Fields cleaned up
02/21/2016 11:25:56 AM Running test with the following data curr:dollar, amount:1000000, IR:2, months:12, total_pay:1,010,866.41
02/21/2016 11:25:58 AM Test case PASSED, assertion successful
02/21/2016 11:25:58 AM Fields cleaned up
02/21/2016 11:25:59 AM Running test with the following data curr:euro, amount:50000, IR:3, months:36, total_pay:52,346.18
02/21/2016 11:26:02 AM Test case PASSED, assertion successful
02/21/2016 11:26:02 AM Fields cleaned up
02/21/2016 11:26:03 AM Running test with the following data curr:pound, amount:1250000, IR:10, months:60, total_pay:1,593,528.35
02/21/2016 11:26:05 AM Test case PASSED, assertion successful
02/21/2016 11:26:05 AM Fields cleaned up
02/21/2016 11:26:06 AM Running test with the following data curr:dollar, amount:1000000, IR:2, months:12, total_pay:1,010,866.41
02/21/2016 11:26:08 AM Test case PASSED, assertion successful
02/21/2016 11:26:08 AM Fields cleaned up
02/21/2016 11:26:09 AM Running test with the following data curr:euro, amount:50000, IR:3, months:36, total_pay:52,346.18
02/21/2016 11:26:11 AM Test case PASSED, assertion successful
02/21/2016 11:26:12 AM Fields cleaned up
02/21/2016 11:26:13 AM Running test with the following data curr:pound, amount:1250000, IR:10, months:60, total_pay:1,593,528.35
02/21/2016 11:26:15 AM Test case PASSED, assertion successful
02/21/2016 11:26:15 AM Fields cleaned up
02/21/2016 11:26:16 AM Running test with the following data curr:dollar, amount:1000000, IR:2, months:12, total_pay:1,010,866.41
02/21/2016 11:26:18 AM Test case PASSED, assertion successful
02/21/2016 11:26:18 AM Fields cleaned up
02/21/2016 11:32:10 AM CSV file imported
02/21/2016 11:32:10 AM Running test with the following data curr:dollar, amount:1000000, IR:2, months:12, total_pay:1,010,866.411
02/21/2016 11:32:12 AM Test case FAILED, assertion unsuccessful, comparing: 1,010,866.41 with 1,010,866.411
